C:\Users\guido\Documents\MCUXpressoIDE_24.12.148\workspace\frdmmcxc444_i2c_read_fxls897x_accel_value_transfer\drivers/fsl_clock.h:630:20:CLOCK_SetSimSafeDivs	8	static
C:\Users\guido\Documents\MCUXpressoIDE_24.12.148\workspace\frdmmcxc444_i2c_read_fxls897x_accel_value_transfer\drivers/fsl_smc.h:256:20:SMC_SetPowerModeProtection	16	static
C:\Users\guido\Documents\MCUXpressoIDE_24.12.148\workspace\frdmmcxc444_i2c_read_fxls897x_accel_value_transfer\drivers/fsl_smc.h:275:33:SMC_GetPowerModeState	16	static
../board/clock_config.c:55:6:BOARD_InitBootClocks	8	static
../board/clock_config.c:120:6:BOARD_BootClockRUN	8	static
../board/clock_config.c:186:6:BOARD_BootClockVLPR	8	static
