../utilities/str/fsl_str.c:81:16:PrintGetSignChar	32	static
../utilities/str/fsl_str.c:108:17:PrintGetWidth	24	static
../utilities/str/fsl_str.c:137:17:PrintGetPrecision	40	static
../utilities/str/fsl_str.c:194:17:PrintIsobpu	24	static
../utilities/str/fsl_str.c:204:17:PrintIsdi	24	static
../utilities/str/fsl_str.c:214:13:PrintOutputdifFobpu	32	static
../utilities/str/fsl_str.c:267:13:PrintOutputxX	40	static
../utilities/str/fsl_str.c:328:17:PrintIsfF	24	static
../utilities/str/fsl_str.c:338:17:PrintIsxX	24	static
../utilities/str/fsl_str.c:349:17:PrintCheckFlags	32	static
../utilities/str/fsl_str.c:390:17:PrintGetLengthFlag	24	static
../utilities/str/fsl_str.c:461:16:PrintGetRadixFromobpu	24	static
../utilities/str/fsl_str.c:484:17:ScanIsWhiteSpace	24	static
../utilities/str/fsl_str.c:494:17:ScanIgnoreWhiteSpace	24	static
../utilities/str/fsl_str.c:509:16:ConvertRadixNumToString	128	static
../utilities/str/fsl_str.c:762:13:StrFormatExaminedi	40	static
../utilities/str/fsl_str.c:784:13:StrFormatExaminexX	40	static
../utilities/str/fsl_str.c:806:13:StrFormatExamineobpu	40	static
../utilities/str/fsl_str.c:827:16:ConvertPrecisionWidthToLength	32	static
../utilities/str/fsl_str.c:862:5:StrFormatPrintf	168	static
../utilities/str/fsl_str.c:1114:16:StrFormatScanIsFormatStarting	24	static
../utilities/str/fsl_str.c:1133:16:StrFormatScanGetBase	16	static
../utilities/str/fsl_str.c:1156:16:StrFormatScanCheckSymbol	24	static
../utilities/str/fsl_str.c:1177:16:StrFormatScanFillInteger	24	static
../utilities/str/fsl_str.c:1326:16:StrFormatScanfStringHandling	40	static
../utilities/str/fsl_str.c:1452:13:StrFormatScanfHandleChar	24	static
../utilities/str/fsl_str.c:1491:13:StrFormatScanfHandleString	24	static
../utilities/str/fsl_str.c:1538:5:StrFormatScanf	112	static
