C:\Users\guido\Documents\MCUXpressoIDE_24.12.148\workspace\frdmmcxc444_i2c_read_fxls897x_accel_value_transfer\CMSIS/core_cm0plus.h:757:22:__NVIC_EnableIRQ	16	static
C:\Users\guido\Documents\MCUXpressoIDE_24.12.148\workspace\frdmmcxc444_i2c_read_fxls897x_accel_value_transfer\CMSIS/core_cm0plus.h:866:22:__NVIC_SetPriority	24	static
C:\Users\guido\Documents\MCUXpressoIDE_24.12.148\workspace\frdmmcxc444_i2c_read_fxls897x_accel_value_transfer\drivers/fsl_clock.h:437:20:CLOCK_EnableClock	24	static
C:\Users\guido\Documents\MCUXpressoIDE_24.12.148\workspace\frdmmcxc444_i2c_read_fxls897x_accel_value_transfer\drivers/fsl_port.h:360:20:PORT_SetPinConfig	32	static
C:\Users\guido\Documents\MCUXpressoIDE_24.12.148\workspace\frdmmcxc444_i2c_read_fxls897x_accel_value_transfer\drivers/fsl_port.h:532:20:PORT_SetPinInterruptConfig	24	static
C:\Users\guido\Documents\MCUXpressoIDE_24.12.148\workspace\frdmmcxc444_i2c_read_fxls897x_accel_value_transfer\drivers/fsl_port.h:609:20:PORT_ClearPinsInterruptFlags	16	static
../source/fxls8964.c:358:16:fxls8964_read_reg	56	static
../source/fxls8964.c:377:13:fxls8964_write_reg	48	static
../source/fxls8964.c:400:13:config_port_int1	16	static
../source/fxls8964.c:435:6:fxls8964_init	40	static
../source/fxls8964.c:492:6:fxls8964_init_freefall	64	static
../source/fxls8964.c:586:6:fxls8964_setDataRate	48	static
../source/fxls8964.c:610:6:fxls8964_setDataReadyMode	32	static
../source/fxls8964.c:633:6:fxls8964_setFreefallMode	32	static
../source/fxls8964.c:656:6:fxls8964_getFreeFall	16	static
../source/fxls8964.c:669:9:fxls8964_getAcX	8	static
../source/fxls8964.c:674:9:fxls8964_getAcY	8	static
../source/fxls8964.c:679:9:fxls8964_getAcZ	8	static
../source/fxls8964.c:684:6:PORTC_PORTD_IRQHandler	40	static
