C:\Users\guido\Documents\MCUXpressoIDE_24.12.148\workspace\frdmmcxc444_i2c_read_fxls897x_accel_value_transfer\CMSIS/core_cm0plus.h:757:22:__NVIC_EnableIRQ	16	static
C:\Users\guido\Documents\MCUXpressoIDE_24.12.148\workspace\frdmmcxc444_i2c_read_fxls897x_accel_value_transfer\CMSIS/core_cm0plus.h:866:22:__NVIC_SetPriority	24	static
C:\Users\guido\Documents\MCUXpressoIDE_24.12.148\workspace\frdmmcxc444_i2c_read_fxls897x_accel_value_transfer\drivers/fsl_port.h:360:20:PORT_SetPinConfig	32	static
C:\Users\guido\Documents\MCUXpressoIDE_24.12.148\workspace\frdmmcxc444_i2c_read_fxls897x_accel_value_transfer\drivers/fsl_port.h:532:20:PORT_SetPinInterruptConfig	24	static
C:\Users\guido\Documents\MCUXpressoIDE_24.12.148\workspace\frdmmcxc444_i2c_read_fxls897x_accel_value_transfer\drivers/fsl_port.h:609:20:PORT_ClearPinsInterruptFlags	16	static
../source/mma8451.c:140:16:mma8451_read_reg	56	static
../source/mma8451.c:159:13:mma8451_write_reg	48	static
../source/mma8451.c:182:13:config_port_int1	16	static
../source/mma8451.c:213:6:mma8451_init	32	static
../source/mma8451.c:259:6:mma8451_setDataRate	32	static
../source/mma8451.c:283:9:mma8451_getAcX	8	static
../source/mma8451.c:288:6:PORTC_PORTD_IRQHandler	40	static
